2026-09-29 21:32:00.760: [INFO] CurrentProfilePath: D:\portfolio\.preview-spacing\Default
2026-09-29 21:32:00.760: [INFO] Profiles total count: 1
2026-09-29 21:32:00.760: [INFO] Profile: name=Profile 1 path=D:\portfolio\.preview-spacing\Default lastActive=null
2026-09-29 21:32:00.760: [INFO] LastUsedProfileDir: D:\portfolio\.preview-spacing\Default
2026-09-29 21:32:00.760: [INFO] VisibilityChanged: 0
2026-09-29 21:32:00.769: [INFO] RecordSyncInitDuration has_sync_been_enabled: 0 state: 0
2026-09-29 21:32:00.770: [INFO] RecordSyncInitDuration has_sync_been_enabled: 0 state: 0
2026-09-29 21:32:00.771: [INFO] RecordSyncInitDuration has_sync_been_enabled: 0 state: 0
2026-09-29 21:32:00.772: [INFO] RecordSyncInitDuration has_sync_been_enabled: 0 state: 0
2026-09-29 21:32:00.773: [INFO] RecordSyncInitDuration has_sync_been_enabled: 0 state: 0
2026-09-29 21:32:00.773: [INFO] RecordSyncInitDuration has_sync_been_enabled: 0 state: 0
2026-09-29 21:32:00.774: [INFO] RecordSyncInitDuration has_sync_been_enabled: 0 state: 0
2026-09-29 21:32:00.775: [INFO] RecordSyncInitDuration has_sync_been_enabled: 0 state: 0
2026-09-29 21:32:00.775: [INFO] RecordSyncInitDuration has_sync_been_enabled: 0 state: 0
2026-09-29 21:32:00.776: [INFO] RecordSyncInitDuration has_sync_been_enabled: 0 state: 0
2026-09-29 21:32:00.786: [INFO] BookmarkNodeAdded, ABU: 0
2026-09-29 21:32:00.786: [INFO] BookmarkNodeAdded, ABU: 0
2026-09-29 21:32:00.786: [INFO] BookmarkNodeAdded, ABU: 0
2026-09-29 21:32:00.786: [INFO] OnDoneLoading sync enabled: 0
2026-09-29 21:32:00.786: [INFO] BookmarkModelLoaded, ids_reassigned: 0
2026-09-29 21:32:00.786: [INFO] BookmarksLoadDropped droppedNodes=0
2026-09-29 21:32:00.786: [INFO] BookmarksSnapshot Startup total=3 bar=3 other=0 mobile=0 showBar=0 showBarNTP=1
2026-09-29 21:32:00.794: [INFO] RecordSyncInitDuration has_sync_been_enabled: 0 state: 0
2026-09-29 21:32:03.053: [INFO] RecordSyncInitDuration has_sync_been_enabled: 0 state: 0
2026-09-29 21:32:03.057: [INFO] RecordSyncInitDuration has_sync_been_enabled: 0 state: 3
2026-09-29 21:32:03.060: [INFO] Primary account changed.
2026-09-29 21:32:03.060: [INFO] OnPrimaryAccountChanged PrimaryAccountChangeEvent::Type::kSet
2026-09-29 21:32:03.068: [INFO] RecordSyncInitDuration has_sync_been_enabled: 0 state: 3
2026-09-29 21:32:03.080: [INFO] RecordSyncInitDuration has_sync_been_enabled: 0 state: 3
2026-09-29 21:32:07.800: [INFO] BookmarkNodeAdded, ABU: 0
2026-09-29 21:32:07.800: [INFO] BookmarkNodeAdded, ABU: 0
2026-09-29 21:32:07.800: [INFO] BookmarkNodeAdded, ABU: 0
2026-09-29 21:32:07.800: [INFO] BookmarkNodeAdded, ABU: 0
2026-09-29 21:32:07.800: [INFO] BookmarkNodeAdded, ABU: 0
2026-09-29 21:32:07.801: [INFO] BookmarkNodeAdded, ABU: 0
2026-09-29 21:32:07.801: [INFO] BookmarkNodeAdded, ABU: 0
2026-09-29 21:32:07.801: [INFO] BookmarkNodeAdded, ABU: 0
2026-09-29 21:32:07.801: [INFO] BookmarkNodeAdded, ABU: 0
2026-09-29 21:32:07.801: [INFO] BookmarkNodeAdded, ABU: 0
2026-09-29 21:32:07.801: [INFO] BookmarkNodeAdded, ABU: 0
2026-09-29 21:32:07.801: [INFO] BookmarkNodeAdded, ABU: 0
2026-09-29 21:32:07.801: [INFO] BookmarkNodeAdded, ABU: 0
2026-09-29 21:32:07.801: [INFO] BookmarkNodeAdded, ABU: 0
2026-09-29 21:32:07.801: [INFO] BookmarkNodeAdded, ABU: 0
2026-09-29 21:32:07.802: [INFO] BookmarkNodeAdded, ABU: 0
2026-09-29 21:32:07.802: [INFO] BookmarkNodeAdded, ABU: 0
2026-09-29 21:32:07.802: [INFO] BookmarkNodeAdded, ABU: 0
2026-09-29 21:32:07.802: [INFO] BookmarkNodeAdded, ABU: 0
2026-09-29 21:32:07.802: [INFO] BookmarkNodeAdded, ABU: 0
2026-09-29 21:32:07.802: [INFO] BookmarkNodeAdded, ABU: 0
2026-09-29 21:32:07.802: [INFO] BookmarkNodeAdded, ABU: 0
2026-09-29 21:32:07.802: [INFO] BookmarkNodeAdded, ABU: 0
2026-09-29 21:32:07.802: [INFO] BookmarkNodeAdded, ABU: 0
2026-09-29 21:32:07.803: [INFO] BookmarkNodeAdded, ABU: 0
2026-09-29 21:32:07.803: [INFO] BookmarkNodeAdded, ABU: 0
2026-09-29 21:32:07.803: [INFO] BookmarkNodeAdded, ABU: 0
2026-09-29 21:32:07.803: [INFO] BookmarkNodeAdded, ABU: 0
2026-09-29 21:32:07.803: [INFO] BookmarkNodeAdded, ABU: 0
2026-09-29 21:32:07.803: [INFO] BookmarkNodeAdded, ABU: 0
2026-09-29 21:32:07.803: [INFO] BookmarkNodeAdded, ABU: 0
2026-09-29 21:32:07.803: [INFO] BookmarkNodeAdded, ABU: 0
2026-09-29 21:32:07.804: [INFO] BookmarkNodeAdded, ABU: 0
2026-09-29 21:32:07.804: [INFO] BookmarkNodeAdded, ABU: 0
2026-09-29 21:32:07.804: [INFO] BookmarkNodeAdded, ABU: 0
2026-09-29 21:32:07.804: [INFO] BookmarkNodeAdded, ABU: 0
2026-09-29 21:32:07.804: [INFO] BookmarkNodeAdded, ABU: 0
2026-09-29 21:32:07.804: [INFO] BookmarkNodeAdded, ABU: 0
2026-09-29 21:32:07.809: [INFO] BookmarkBarPrefChanged showBar=0 showBarNTP=0
2026-09-29 21:32:07.825: [INFO] VisibilityChanged: 1
2026-09-29 21:32:11.218: [INFO] Sync initialization duration: 8080ms
